Archive member included because of file (symbol)

C:\fehqt\Proteus/EWL/lib/armv7e-m\libc.a(sprintf.o)
                              Libraries\FEHLCD.o (sprintf)
C:\fehqt\Proteus/EWL/lib/armv7e-m\libc.a(vsnprintf.o)
                              C:\fehqt\Proteus/EWL/lib/armv7e-m\libc.a(sprintf.o) (vsnprintf)
C:\fehqt\Proteus/EWL/lib/armv7e-m\libc.a(exit.o)
                              Startup\__arm_start.o (exit)
C:\fehqt\Proteus/EWL/lib/armv7e-m\libc.a(memcpy.o)
                              C:\fehqt\Proteus/EWL/lib/armv7e-m\libc.a(vsnprintf.o) (memcpy)
C:\fehqt\Proteus/EWL/lib/armv7e-m\libc.a(memset.o)
                              Startup\__arm_start.o (memset)
C:\fehqt\Proteus/EWL/lib/armv7e-m\libc.a(strcmp.o)
                              Libraries\FEHLCD.o (strcmp)
C:\fehqt\Proteus/EWL/lib/armv7e-m\libc.a(strcpy.o)
                              Libraries\FEHLCD.o (strcpy)
C:\fehqt\Proteus/EWL/lib/armv7e-m\libc.a(strlen.o)
                              Libraries\FEHLCD.o (strlen)
C:\fehqt\Proteus/EWL/lib/armv7e-m\libc.a(printformat_.o)
                              (__pformatter_)
C:\fehqt\Proteus/EWL/lib/armv7e-m\libc.a(scanformat_.o)
                              (__sformatter)
C:\fehqt\Proteus/EWL/lib/armv7e-m\libc.a(ctype_aeabi.o)
                              C:\fehqt\Proteus/EWL/lib/armv7e-m\libc.a(scanformat_.o) (isspace)
C:\fehqt\Proteus/EWL/lib/armv7e-m\libc.a(__strtoul.o)
                              C:\fehqt\Proteus/EWL/lib/armv7e-m\libc.a(scanformat_.o) (__strtoul)
C:\fehqt\Proteus/EWL/lib/armv7e-m\libc.a(__filll_mem.o)
                              C:\fehqt\Proteus/EWL/lib/armv7e-m\libc.a(memset.o) (__fill_mem)
C:\fehqt\Proteus/EWL/lib/armv7e-m\libc.a(memchr.o)
                              C:\fehqt\Proteus/EWL/lib/armv7e-m\libc.a(printformat_.o) (memchr)
C:\fehqt\Proteus/EWL/lib/armv7e-m\libc.a(strchr.o)
                              C:\fehqt\Proteus/EWL/lib/armv7e-m\libc.a(printformat_.o) (strchr)
c:/fehqt/proteus/gcc/bin/../lib/gcc/arm-none-eabi/4.6.2/armv7e-m\libgcc.a(_arm_addsubdf3.o)
                              Libraries\FEHLCD.o (__aeabi_dsub)
c:/fehqt/proteus/gcc/bin/../lib/gcc/arm-none-eabi/4.6.2/armv7e-m\libgcc.a(_arm_muldivdf3.o)
                              Libraries\FEHMotor.o (__aeabi_dmul)
c:/fehqt/proteus/gcc/bin/../lib/gcc/arm-none-eabi/4.6.2/armv7e-m\libgcc.a(_arm_cmpdf2.o)
                              ..\main.o (__aeabi_dcmplt)
c:/fehqt/proteus/gcc/bin/../lib/gcc/arm-none-eabi/4.6.2/armv7e-m\libgcc.a(_arm_fixdfsi.o)
                              Libraries\FEHMotor.o (__aeabi_d2iz)
c:/fehqt/proteus/gcc/bin/../lib/gcc/arm-none-eabi/4.6.2/armv7e-m\libgcc.a(_arm_fixunsdfsi.o)
                              Libraries\FEHUtility.o (__aeabi_d2uiz)
c:/fehqt/proteus/gcc/bin/../lib/gcc/arm-none-eabi/4.6.2/armv7e-m\libgcc.a(_arm_truncdfsf2.o)
                              Libraries\FEHMotor.o (__aeabi_d2f)
c:/fehqt/proteus/gcc/bin/../lib/gcc/arm-none-eabi/4.6.2/armv7e-m\libgcc.a(_arm_addsubsf3.o)
                              Libraries\FEHLCD.o (__aeabi_fsub)
c:/fehqt/proteus/gcc/bin/../lib/gcc/arm-none-eabi/4.6.2/armv7e-m\libgcc.a(_arm_muldivsf3.o)
                              Drivers\mcg.o (__aeabi_fmul)
c:/fehqt/proteus/gcc/bin/../lib/gcc/arm-none-eabi/4.6.2/armv7e-m\libgcc.a(_arm_cmpsf2.o)
                              Libraries\FEHServo.o (__aeabi_fcmpeq)
c:/fehqt/proteus/gcc/bin/../lib/gcc/arm-none-eabi/4.6.2/armv7e-m\libgcc.a(_arm_fixsfsi.o)
                              Libraries\FEHLCD.o (__aeabi_f2iz)
c:/fehqt/proteus/gcc/bin/../lib/gcc/arm-none-eabi/4.6.2/armv7e-m\libgcc.a(_arm_fixunssfsi.o)
                              Drivers\mcg.o (__aeabi_f2uiz)
C:\fehqt\Proteus/EWL/lib/armv7e-m\librt.a(gcc_ctor_dtor.o)
                              Startup\__arm_start.o (__init_cpp)
C:\fehqt\Proteus/EWL/lib/armv7e-m\librt.a(ROMCopy.o)
                              Startup\__arm_start.o (__copy_rom_sections_to_ram)
C:\fehqt\Proteus/EWL/lib/armv7e-m\librt.a(__arm_eabi_init.o)
                              C:\fehqt\Proteus/EWL/lib/armv7e-m\libc.a(exit.o) (__destroy_global_chain)
C:\fehqt\Proteus/EWL/lib/armv7e-m\librt.a(New.o)
                              Libraries\FEHIO.o (operator new(unsigned int))
c:/fehqt/proteus/gcc/bin/../lib/gcc/arm-none-eabi/4.6.2/../../../../arm-none-eabi/lib/armv7e-m\libsupc++.a(class_type_info.o)
                              C:\fehqt\Proteus/EWL/lib/armv7e-m\librt.a(New.o) (vtable for __cxxabiv1::__class_type_info)
c:/fehqt/proteus/gcc/bin/../lib/gcc/arm-none-eabi/4.6.2/../../../../arm-none-eabi/lib/armv7e-m\libsupc++.a(eh_alloc.o)
                              C:\fehqt\Proteus/EWL/lib/armv7e-m\librt.a(New.o) (__cxa_allocate_exception)
c:/fehqt/proteus/gcc/bin/../lib/gcc/arm-none-eabi/4.6.2/../../../../arm-none-eabi/lib/armv7e-m\libsupc++.a(eh_arm.o)
                              C:\fehqt\Proteus/EWL/lib/armv7e-m\librt.a(New.o) (__cxa_end_cleanup)
[...]
Memory Configuration

Name             Origin             Length             Attributes
m_interrupts     0x0000c000         0x00000400         xr
m_cfmprotrom     0x0000c400         0x00000010         xr
m_text           0x0000c410         0x00073bf0         xr
m_data           0x1fff0400         0x0000fc00         xrw
m_data2          0x20000000         0x00010000         xrw
*default*        0x00000000         0xffffffff

Linker script and memory map

LOAD ..\main.o
LOAD Startup\__arm_start.o
LOAD Startup\__arm_end.o
LOAD Startup\kinetis_sysinit.o
LOAD Libraries\FEHMotor.o
LOAD Drivers\mcg.o
LOAD Drivers\i2c.o
LOAD Drivers\spi.o
LOAD Drivers\uart.o
LOAD Drivers\ff.o
LOAD Drivers\SDHC.o
LOAD Drivers\lptmr.o
LOAD FEHProteus.o
LOAD Drivers\FEHPropeller.o
LOAD Libraries\FEHUtility.o
LOAD Libraries\FEHIO.o
LOAD Drivers\adc16.o
LOAD Libraries\FEHBuzzer.o
LOAD Libraries\FEHServo.o
LOAD Libraries\FEHLCD.o
LOAD Libraries\FEHAccel.o
LOAD Libraries\FEHBattery.o
LOAD Drivers\FEHXBee.o
LOAD Libraries\FEHRPS.o
LOAD Libraries\FEHSD.o
                0x00013370                __pformatter = __pformatter_
                [0x00013768]                __sformatter = __sformatter
LOAD C:\fehqt\Proteus/EWL/lib/armv7e-m\libstdc++.a
LOAD C:\fehqt\Proteus/EWL/lib/armv7e-m\libm.a
START GROUP
LOAD C:\fehqt\Proteus/EWL/lib/armv7e-m\libc.a
LOAD C:\fehqt\Proteus/EWL/lib/armv7e-m\libc++.a
LOAD C:\fehqt\Proteus/EWL/lib/armv7e-m\libm.a
LOAD c:/fehqt/proteus/gcc/bin/../lib/gcc/arm-none-eabi/4.6.2/armv7e-m\libgcc.a
LOAD C:\fehqt\Proteus/EWL/lib/armv7e-m\librt.a
LOAD c:/fehqt/proteus/gcc/bin/../lib/gcc/arm-none-eabi/4.6.2/../../../../arm-none-eabi/lib/armv7e-m\libsupc++.a
END GROUP
                0x20000000                _estack = 0x20000000
                0x20000000                __SP_INIT = _estack
                0x00000800                __heap_size = 0x800
                0x00000800                __stack_size = 0x800

.interrupts     0x0000c000      0x1e0
                0x0000c000                __vector_table = .
                0x0000c000                . = ALIGN (0x4)
 *(.vectortable)
 .vectortable   0x0000c000      0x1e0 Startup\kinetis_sysinit.o
                0x0000c1e0                . = ALIGN (0x4)

.cfmprotect     0x0000c400        0x0
                0x0000c400                . = ALIGN (0x4)
 *(.cfmconfig)
                0x0000c400                . = ALIGN (0x4)

.text           0x0000c410     0x82b0
                0x0000c410                . = ALIGN (0x4)
 *(.text)
 .text          0x0000c410      0x370 c:/fehqt/proteus/gcc/bin/../lib/gcc/arm-none-eabi/4.6.2/armv7e-m\libgcc.a(_arm_addsubdf3.o)
                0x0000c410                __aeabi_drsub
                0x0000c418                __aeabi_dsub
                0x0000c418                __subdf3
                0x0000c41c                __aeabi_dadd
                0x0000c41c                __adddf3
                0x0000c694                __floatunsidf
                0x0000c694                __aeabi_ui2d
                0x0000c6b4                __floatsidf
                0x0000c6b4                __aeabi_i2d
                0x0000c6d8                __aeabi_f2d
                0x0000c6d8                __extendsfdf2
                0x0000c714                __floatundidf
                0x0000c714                __aeabi_ul2d
                0x0000c724                __floatdidf
                0x0000c724                __aeabi_l2d
 .text          0x0000c780      0x424 c:/fehqt/proteus/gcc/bin/../lib/gcc/arm-none-eabi/4.6.2/armv7e-m\libgcc.a(_arm_muldivdf3.o)
                0x0000c780                __aeabi_dmul
                0x0000c780                __muldf3
                0x0000c9d4                __divdf3
                0x0000c9d4                __aeabi_ddiv
 .text          0x0000cba4       0x40 c:/fehqt/proteus/gcc/bin/../lib/gcc/arm-none-eabi/4.6.2/armv7e-m\libgcc.a(_arm_fixunsdfsi.o)
                0x0000cba4                __aeabi_d2uiz
                0x0000cba4                __fixunsdfsi
 .text          0x0000cbe4       0xa0 c:/fehqt/proteus/gcc/bin/../lib/gcc/arm-none-eabi/4.6.2/armv7e-m\libgcc.a(_arm_truncdfsf2.o)
                0x0000cbe4                __truncdfsf2
                0x0000cbe4                __aeabi_d2f
 .text          0x0000cc84      0x21c c:/fehqt/proteus/gcc/bin/../lib/gcc/arm-none-eabi/4.6.2/armv7e-m\libgcc.a(_arm_addsubsf3.o)
                0x0000cc84                __aeabi_frsub
                0x0000cc8c                __subsf3
                0x0000cc8c                __aeabi_fsub
                0x0000cc90                __aeabi_fadd
                0x0000cc90                __addsf3
                0x0000cdf0                __aeabi_ui2f
                0x0000cdf0                __floatunsisf
                0x0000cdf8                __aeabi_i2f
                0x0000cdf8                __floatsisf
                0x0000ce14                __aeabi_ul2f
                0x0000ce14                __floatundisf
                0x0000ce24                __aeabi_l2f
                0x0000ce24                __floatdisf
 .text          0x0000cea0      0x2a0 c:/fehqt/proteus/gcc/bin/../lib/gcc/arm-none-eabi/4.6.2/armv7e-m\libgcc.a(_arm_muldivsf3.o)
                0x0000cea0                __mulsf3
                0x0000cea0                __aeabi_fmul
                0x0000d008                __aeabi_fdiv
                0x0000d008                __divsf3
 .text          0x0000d140       0xec c:/fehqt/proteus/gcc/bin/../lib/gcc/arm-none-eabi/4.6.2/armv7e-m\libgcc.a(_arm_cmpsf2.o)
                0x0000d140                __gesf2
                0x0000d140                __gtsf2
                0x0000d148                __lesf2
                0x0000d148                __ltsf2
                0x0000d150                __nesf2
                0x0000d150                __eqsf2
                0x0000d150                __cmpsf2
                0x0000d1b0                __aeabi_cfrcmple
                0x0000d1b8                __aeabi_cfcmpeq
                0x0000d1b8                __aeabi_cfcmple
                0x0000d1c8                __aeabi_fcmpeq
                0x0000d1dc                __aeabi_fcmplt
                0x0000d1f0                __aeabi_fcmple
                0x0000d204                __aeabi_fcmpge
                0x0000d218                __aeabi_fcmpgt
 *(.text*)
 .text.main     0x0000d22c       0x38 ..\main.o
                0x0000d22c                main
 .text._Z41__static_initialization_and_destruction_0ii
                0x0000d264       0x8c ..\main.o
 .text._GLOBAL__sub_I_buttons
                0x0000d2f0       0x14 ..\main.o
 .text.zero_fill_bss
                0x0000d304       0x34 Startup\__arm_start.o
 .text.__thumb_startup
                0x0000d338       0x34 Startup\__arm_start.o
                0x0000d338                __thumb_startup
 .text.InitFEHProteus
                0x0000d36c      0x15c Startup\__arm_start.o
                0x0000d36c                InitFEHProteus
 .text.pll_init_bl
                0x0000d4c8      0x130 Startup\__arm_start.o
 .text.InitPowerButton
                0x0000d5f8       0x90 Startup\__arm_start.o
                0x0000d5f8                InitPowerButton
 .text._ExitProcess
                0x0000d688        0xc Startup\__arm_end.o
                0x0000d688                _ExitProcess
 .text.Default_Handler
                0x0000d694        0xc Startup\kinetis_sysinit.o
                0x0000d694                BusFault_Handler()
                0x0000d694                HardFault_Handler()
                0x0000d694                SysTick_Handler()
                0x0000d694                PendSV_Handler()
                0x0000d694                DebugMonitor_Handler()
                0x0000d694                MemManage_Handler()
                0x0000d694                NMI_Handler()
                0x0000d694                SVC_Handler()
                0x0000d694                Default_Handler
                0x0000d694                UsageFault_Handler()
 .text.__init_hardware
                0x0000d6a0       0x44 Startup\kinetis_sysinit.o
                0x0000d6a0                __init_hardware
 .text._Z8PortDISRv
                0x0000d6e4       0x64 Startup\kinetis_sysinit.o
                0x0000d6e4                PortDISR()
 .text._ZN8FEHMotorC2ENS_12FEHMotorPortEf
                0x0000d748       0xb0 Libraries\FEHMotor.o
                0x0000d748                FEHMotor::FEHMotor(FEHMotor::FEHMotorPort, float)
                0x0000d748                FEHMotor::FEHMotor(FEHMotor::FEHMotorPort, float)
 .text._Z21IIC_StartTransmissionhh
                0x0000d7f8       0x98 Drivers\i2c.o
                0x0000d7f8                IIC_StartTransmission(unsigned char, unsigned char)
 .text._Z5Pausev
                0x0000d890       0x34 Drivers\i2c.o
                0x0000d890                Pause()
 .text._Z21MMA8451QWriteRegisterhh
                0x0000d8c4      0x12c Drivers\i2c.o
                0x0000d8c4                MMA8451QWriteRegister(unsigned char, unsigned char)
 .text._Z12SPI_SendCharh
                0x0000d9f0       0x1c Drivers\spi.o
                0x0000d9f0                SPI_SendChar(unsigned char)
 .text._Z16SPI_WriteCommandhh
                0x0000da0c       0x34 Drivers\spi.o
                0x0000da0c                SPI_WriteCommand(unsigned char, unsigned char)
 .text._Z13SPI_CS_Assertv
                0x0000da40       0x24 Drivers\spi.o
                0x0000da40                SPI_CS_Assert()
 .text._Z15SPI_CS_Deassertv
                0x0000da64       0x24 Drivers\spi.o
                0x0000da64                SPI_CS_Deassert()
 .text._Z12SPI_Transferh
                0x0000da88       0x88 Drivers\spi.o
                0x0000da88                SPI_Transfer(unsigned char)
 .text._Z8SPI_Initv
                0x0000db10       0xe8 Drivers\spi.o
                0x0000db10                SPI_Init()
 .text._Z9uart_initPV11UART_MemMapii
                0x0000dbf8      0x20c Drivers\uart.o
                0x0000dbf8                uart_init(UART_MemMap volatile*, int, int)
 .text._Z12uart_getcharPV11UART_MemMap
                0x0000de04       0x34 Drivers\uart.o
                0x0000de04                uart_getchar(UART_MemMap volatile*)
 .text._ZL7mem_setPvij
                0x0000de38       0x44 Drivers\ff.o
 .text._ZL11move_windowP5FATFSm
                0x0000de7c       0xf0 Drivers\ff.o
 .text._ZL4syncP5FATFS
                0x0000df6c      0x188 Drivers\ff.o
 .text._ZL8validateP5FATFSt
                0x0000e0f4       0x54 Drivers\ff.o
 .text._Z6f_syncP3FIL
                0x0000e148      0x1c0 Drivers\ff.o
                0x0000e148                f_sync(FIL*)
 .text._Z7f_closeP3FIL
                0x0000e308       0x2c Drivers\ff.o
                0x0000e308                f_close(FIL*)
 .text._ZL17SDHC_set_baudratemm
                0x0000e334      0x14c Drivers\SDHC.o
 .text._Z9SDHC_initP17esdhc_info_structPK17esdhc_init_struct
                0x0000e480      0x1c4 Drivers\SDHC.o
                0x0000e480                SDHC_init(esdhc_info_struct*, esdhc_init_struct const*)
 .text._ZL15SDHC_is_runningv
                0x0000e644       0x28 Drivers\SDHC.o
 .text._ZL16SDHC_status_waitm
                0x0000e66c       0x38 Drivers\SDHC.o
 .text._ZL17SDHC_send_commandP20esdhc_command_struct
                0x0000e6a4      0x2a0 Drivers\SDHC.o
 .text._Z10SDHC_ioctlmPv
                0x0000e944      0x978 Drivers\SDHC.o
                0x0000e944                SDHC_ioctl(unsigned long, void*)
 .text._ZL14rcvr_datablockPhm
                0x0000f2bc      0x134 Drivers\SDHC.o
 .text._Z9disk_readhPhmh
                0x0000f3f0      0x13c Drivers\SDHC.o
                0x0000f3f0                disk_read(unsigned char, unsigned char*, unsigned long, unsigned char)
 .text._ZL14xmit_datablockPKhm
                0x0000f52c       0xe0 Drivers\SDHC.o
 .text._Z10disk_writehPKhmh
                0x0000f60c      0x1cc Drivers\SDHC.o
                0x0000f60c                disk_write(unsigned char, unsigned char const*, unsigned long, unsigned char)
 .text._Z10disk_ioctlhhPv
                0x0000f7d8      0x128 Drivers\SDHC.o
                0x0000f7d8                disk_ioctl(unsigned char, unsigned char, void*)
 .text._Z11disk_statush
                0x0000f900       0x30 Drivers\SDHC.o
                0x0000f900                disk_status(unsigned char)
 .text._Z13time_delay_msm
                0x0000f930       0xa4 Drivers\lptmr.o
                0x0000f930                time_delay_ms(unsigned long)
 .text._Z41__static_initialization_and_destruction_0ii
                0x0000f9d4       0x30 FEHProteus.o
 .text._GLOBAL__sub_I_Propeller
                0x0000fa04       0x14 FEHProteus.o
 .text._ZN12FEHPropellerC2Ev
                0x0000fa18       0x20 Drivers\FEHPropeller.o
                0x0000fa18                FEHPropeller::FEHPropeller()
                0x0000fa18                FEHPropeller::FEHPropeller()
 .text._ZN12FEHPropeller10InitializeEv
                0x0000fa38       0x94 Drivers\FEHPropeller.o
                0x0000fa38                FEHPropeller::Initialize()
 .text._ZL5Delaymjj
                0x0000facc       0xc4 Libraries\FEHUtility.o
 .text._Z5Sleepi
                0x0000fb90       0x34 Libraries\FEHUtility.o
                0x0000fb90                Sleep(int)
 *fill*         0x0000fbc4        0x4 00
 .text._Z5Sleepd
                0x0000fbc8       0x58 Libraries\FEHUtility.o
                0x0000fbc8                Sleep(double)
 .text._ZN15DigitalInputPinC2Ev
                0x0000fc20       0x18 Libraries\FEHIO.o
                0x0000fc20                DigitalInputPin::DigitalInputPin()
                0x0000fc20                DigitalInputPin::DigitalInputPin()
 .text._ZN15DigitalInputPin10InitializeEN5FEHIO8FEHIOPinE
                0x0000fc38      0x224 Libraries\FEHIO.o
                0x0000fc38                DigitalInputPin::Initialize(FEHIO::FEHIOPin)
 .text._ZN14DigitalEncoderC2EN5FEHIO8FEHIOPinE
                0x0000fe5c       0x2c Libraries\FEHIO.o
                0x0000fe5c                DigitalEncoder::DigitalEncoder(FEHIO::FEHIOPin)
                0x0000fe5c                DigitalEncoder::DigitalEncoder(FEHIO::FEHIOPin)
 .text._Z10enable_irqi
                0x0000fe88      0x1cc Libraries\FEHIO.o
                0x0000fe88                enable_irq(int)
 .text._ZN14DigitalEncoder10InitializeEN5FEHIO8FEHIOPinENS0_21FEHIOInterruptTriggerE
                0x00010054      0x224 Libraries\FEHIO.o
                0x00010054                DigitalEncoder::Initialize(FEHIO::FEHIOPin, FEHIO::FEHIOInterruptTrigger)
 .text._Z9portB_isrv
                0x00010278       0xd4 Libraries\FEHIO.o
                0x00010278                portB_isr()
 .text._Z9portC_isrv
                0x0001034c       0xd8 Libraries\FEHIO.o
                0x0001034c                portC_isr()
 .text._Z9portA_isrv
                0x00010424       0xd8 Libraries\FEHIO.o
                0x00010424                portA_isr()
 .text._Z9portE_isrv
                0x000104fc       0xd0 Libraries\FEHIO.o
                0x000104fc                portE_isr()
 .text._ZN14AnalogInputPinC2EN5FEHIO8FEHIOPinE
                0x000105cc       0x20 Libraries\FEHIO.o
                0x000105cc                AnalogInputPin::AnalogInputPin(FEHIO::FEHIOPin)
                0x000105cc                AnalogInputPin::AnalogInputPin(FEHIO::FEHIOPin)
 .text._ZN13AnalogEncoder12EncoderValueEv
                0x000105ec       0xe4 Libraries\FEHIO.o
                0x000105ec                AnalogEncoder::EncoderValue()
 .text._ZN14AnalogInputPin8InitADCsEv
                0x000106d0      0x120 Libraries\FEHIO.o
                0x000106d0                AnalogInputPin::InitADCs()
 .text._Z8pit0_isrv
                0x000107f0       0x34 Libraries\FEHIO.o
                0x000107f0                pit0_isr()
 .text._ZN13AnalogEncoder4InitEv
                0x00010824       0x64 Libraries\FEHIO.o
                0x00010824                AnalogEncoder::Init()
 .text._ZN13AnalogEncoder14SetCounterInitEj
                0x00010888       0x20 Libraries\FEHIO.o
                0x00010888                AnalogEncoder::SetCounterInit(unsigned int)
 .text._ZN13AnalogEncoder10ProcessIntEv
                0x000108a8       0x80 Libraries\FEHIO.o
                0x000108a8                AnalogEncoder::ProcessInt()
 .text._ZN13AnalogEncoder14ProcessIntSelfEv
                0x00010928       0x80 Libraries\FEHIO.o
                0x00010928                AnalogEncoder::ProcessIntSelf()
 .text._ZN11ButtonBoardC2EN5FEHIO9FEHIOPortE
                0x000109a8      0x10c Libraries\FEHIO.o
                0x000109a8                ButtonBoard::ButtonBoard(FEHIO::FEHIOPort)
                0x000109a8                ButtonBoard::ButtonBoard(FEHIO::FEHIOPort)
 .text._Z7ADC_CalPV10ADC_MemMap
                0x00010ab4      0x14c Drivers\adc16.o
                0x00010ab4                ADC_Cal(ADC_MemMap volatile*)
 .text._Z14ADC_Config_AltPV10ADC_MemMapP7adc_cfg
                0x00010c00       0x6c Drivers\adc16.o
                0x00010c00                ADC_Config_Alt(ADC_MemMap volatile*, adc_cfg*)
 .text._ZN9FEHBuzzerC2Ev
                0x00010c6c       0x18 Libraries\FEHBuzzer.o
                0x00010c6c                FEHBuzzer::FEHBuzzer()
                0x00010c6c                FEHBuzzer::FEHBuzzer()
 .text._Z41__static_initialization_and_destruction_0ii
                0x00010c84       0x30 Libraries\FEHBuzzer.o
 .text._GLOBAL__sub_I_Buzzer
                0x00010cb4       0x14 Libraries\FEHBuzzer.o
 .text._ZN6FEHLCD11_InitializeEv
                0x00010cc8      0x5dc Libraries\FEHLCD.o
                0x00010cc8                FEHLCD::_Initialize()
 .text._ZN6FEHLCDC2Ev
                0x000112a4       0x64 Libraries\FEHLCD.o
                0x000112a4                FEHLCD::FEHLCD()
                0x000112a4                FEHLCD::FEHLCD()
 .text._ZN6FEHLCD10InitializeEv
                0x00011308       0x38 Libraries\FEHLCD.o
                0x00011308                FEHLCD::Initialize()
 .text._ZN6FEHLCD10PrintImageEii
                0x00011340      0x100 Libraries\FEHLCD.o
                0x00011340                FEHLCD::PrintImage(int, int)
 .text._ZN6FEHLCD9PrintLogoEii
                0x00011440      0x100 Libraries\FEHLCD.o
                0x00011440                FEHLCD::PrintLogo(int, int)
 .text._ZN6FEHLCD22ConvertFEHColorTo24BitENS_11FEHLCDColorE
                0x00011540       0x80 Libraries\FEHLCD.o
                0x00011540                FEHLCD::ConvertFEHColorTo24Bit(FEHLCD::FEHLCDColor)
 .text._ZN6FEHLCD24Convert24BitColorTo16BitEj
                0x000115c0       0x40 Libraries\FEHLCD.o
                0x000115c0                FEHLCD::Convert24BitColorTo16Bit(unsigned int)
 .text._ZN6FEHLCD22ConvertRGBColorTo16BitEhhh
                0x00011600       0x44 Libraries\FEHLCD.o
                0x00011600                FEHLCD::ConvertRGBColorTo16Bit(unsigned char, unsigned char, unsigned char)
 .text._ZN6FEHLCD5ClearENS_11FEHLCDColorE
                0x00011644       0x28 Libraries\FEHLCD.o
                0x00011644                FEHLCD::Clear(FEHLCD::FEHLCDColor)
 .text._ZN6FEHLCD5ClearEj
                0x0001166c       0x2c Libraries\FEHLCD.o
                0x0001166c                FEHLCD::Clear(unsigned int)
 .text._ZN6FEHLCD18SetBackgroundColorENS_11FEHLCDColorE
                0x00011698       0x28 Libraries\FEHLCD.o
                0x00011698                FEHLCD::SetBackgroundColor(FEHLCD::FEHLCDColor)
 .text._ZN6FEHLCD18SetBackgroundColorEj
                0x000116c0       0x28 Libraries\FEHLCD.o
                0x000116c0                FEHLCD::SetBackgroundColor(unsigned int)
 .text._ZN6FEHLCD12SetFontColorENS_11FEHLCDColorE
                0x000116e8       0x28 Libraries\FEHLCD.o
                0x000116e8                FEHLCD::SetFontColor(FEHLCD::FEHLCDColor)
 .text._ZN6FEHLCD12SetFontColorEj
                0x00011710       0x28 Libraries\FEHLCD.o
                0x00011710                FEHLCD::SetFontColor(unsigned int)
 .text._ZN6FEHLCD7WriteAtEPKcii
                0x00011738       0x58 Libraries\FEHLCD.o
                0x00011738                FEHLCD::WriteAt(char const*, int, int)
 .text._ZN6FEHLCD11TS_SPI_InitEv
                0x00011790       0xa8 Libraries\FEHLCD.o
                0x00011790                FEHLCD::TS_SPI_Init()
 .text._ZN6FEHLCD10WriteIndexEh
                0x00011838      0x288 Libraries\FEHLCD.o
                0x00011838                FEHLCD::WriteIndex(unsigned char)
 .text._ZN6FEHLCD14WriteParameterEh
                0x00011ac0      0x254 Libraries\FEHLCD.o
                0x00011ac0                FEHLCD::WriteParameter(unsigned char)
 .text._ZN6FEHLCD6_ClearEv
                0x00011d14      0x228 Libraries\FEHLCD.o
                0x00011d14                FEHLCD::_Clear()
 .text._ZN6FEHLCD8NextLineEv
                0x00011f3c       0x30 Libraries\FEHLCD.o
                0x00011f3c                FEHLCD::NextLine()
 .text._ZN6FEHLCD9CheckLineEv
                0x00011f6c       0x2c Libraries\FEHLCD.o
                0x00011f6c                FEHLCD::CheckLine()
 .text._ZN6FEHLCD13SetDrawRegionEiiii
                0x00011f98      0x10c Libraries\FEHLCD.o
                0x00011f98                FEHLCD::SetDrawRegion(int, int, int, int)
 .text._ZN6FEHLCD11WriteCharAtEiic
                0x000120a4      0x278 Libraries\FEHLCD.o
                0x000120a4                FEHLCD::WriteCharAt(int, int, char)
 .text._ZN6FEHLCD11RepeatColorEv
                0x0001231c       0xbc Libraries\FEHLCD.o
                0x0001231c                FEHLCD::RepeatColor()
 .text._ZN6FEHLCD10_ForePixelEv
                0x000123d8      0x160 Libraries\FEHLCD.o
                0x000123d8                FEHLCD::_ForePixel()
 .text._ZN6FEHLCD10_BackPixelEv
                0x00012538      0x160 Libraries\FEHLCD.o
                0x00012538                FEHLCD::_BackPixel()
 .text._ZN6FEHLCD22SetRegisterColorValuesEv
                0x00012698      0x4c0 Libraries\FEHLCD.o
                0x00012698                FEHLCD::SetRegisterColorValues()
 .text._Z41__static_initialization_and_destruction_0ii
                0x00012b58       0x30 Libraries\FEHLCD.o
 .text._GLOBAL__sub_I_image
                0x00012b88       0x14 Libraries\FEHLCD.o
 .text._ZN8FEHAccelC2Ev
                0x00012b9c       0x8c Libraries\FEHAccel.o
                0x00012b9c                FEHAccel::FEHAccel()
                0x00012b9c                FEHAccel::FEHAccel()
 .text._Z41__static_initialization_and_destruction_0ii
                0x00012c28       0x30 Libraries\FEHAccel.o
 .text._GLOBAL__sub_I_Accel
                0x00012c58       0x14 Libraries\FEHAccel.o
 .text._ZN10FEHBatteryC2EN5FEHIO8FEHIOPinE
                0x00012c6c       0x24 Libraries\FEHBattery.o
                0x00012c6c                FEHBattery::FEHBattery(FEHIO::FEHIOPin)
                0x00012c6c                FEHBattery::FEHBattery(FEHIO::FEHIOPin)
 .text._Z41__static_initialization_and_destruction_0ii
                0x00012c90       0x34 Libraries\FEHBattery.o
 .text._GLOBAL__sub_I_Battery
                0x00012cc4       0x14 Libraries\FEHBattery.o
 .text._ZN7FEHXBeeC2Ev
                0x00012cd8       0x20 Drivers\FEHXBee.o
                0x00012cd8                FEHXBee::FEHXBee()
                0x00012cd8                FEHXBee::FEHXBee()
 .text._ZN7FEHXBee17SetPacketCallBackEPFvPhhE
                0x00012cf8       0x20 Drivers\FEHXBee.o
                0x00012cf8                FEHXBee::SetPacketCallBack(void (*)(unsigned char*, unsigned char))
 .text._Z9UART0_ISRv
                0x00012d18      0x174 Drivers\FEHXBee.o
                0x00012d18                UART0_ISR()
 .text._ZN6FEHRPSC2Ev
                0x00012e8c       0x88 Libraries\FEHRPS.o
                0x00012e8c                FEHRPS::FEHRPS()
                0x00012e8c                FEHRPS::FEHRPS()
 .text._Z14RPSDataProcessPhh
                0x00012f14      0x18c Libraries\FEHRPS.o
                0x00012f14                RPSDataProcess(unsigned char*, unsigned char)
 .text._Z41__static_initialization_and_destruction_0ii
                0x000130a0       0x30 Libraries\FEHRPS.o
 .text._GLOBAL__sub_I_RPS
                0x000130d0       0x14 Libraries\FEHRPS.o
 .text._ZN5FEHSDC2Ev
                0x000130e4       0x24 Libraries\FEHSD.o
                0x000130e4                FEHSD::FEHSD()
                0x000130e4                FEHSD::FEHSD()
 .text._ZN5FEHSD8CloseLogEv
                0x00013108       0x38 Libraries\FEHSD.o
                0x00013108                FEHSD::CloseLog()
 .text._Z41__static_initialization_and_destruction_0ii
                0x00013140       0x30 Libraries\FEHSD.o
 .text._GLOBAL__sub_I_SD
                0x00013170       0x14 Libraries\FEHSD.o
 .text.exit     0x00013184       0x38 C:\fehqt\Proteus/EWL/lib/armv7e-m\libc.a(exit.o)
                0x00013184                exit
 .text.memset   0x000131bc        0xc C:\fehqt\Proteus/EWL/lib/armv7e-m\libc.a(memset.o)
                0x000131bc                memset
 .text.strlen   0x000131c8       0x10 C:\fehqt\Proteus/EWL/lib/armv7e-m\libc.a(strlen.o)
                0x000131c8                strlen
 .text.long2str.isra.0
                0x000131d8      0x196 C:\fehqt\Proteus/EWL/lib/armv7e-m\libc.a(printformat_.o)
 *fill*         0x0001336e        0x2 00
 .text.__pformatter_
                0x00013370      0x3f8 C:\fehqt\Proteus/EWL/lib/armv7e-m\libc.a(printformat_.o)
                0x00013370                __pformatter_
 .text.__sformatter
                0x00013768      0x74e C:\fehqt\Proteus/EWL/lib/armv7e-m\libc.a(scanformat_.o)
                0x00013768                __sformatter
 *fill*         0x00013eb6        0x2 00
 .text.isalpha  0x00013eb8       0x1c C:\fehqt\Proteus/EWL/lib/armv7e-m\libc.a(ctype_aeabi.o)
                0x00013eb8                isalpha
 .text.isspace  0x00013ed4       0x1c C:\fehqt\Proteus/EWL/lib/armv7e-m\libc.a(ctype_aeabi.o)
                0x00013ed4                isspace
 .text.toupper  0x00013ef0        0xc C:\fehqt\Proteus/EWL/lib/armv7e-m\libc.a(ctype_aeabi.o)
                0x00013ef0                toupper
 .text.__strtoul
                0x00013efc      0x1dc C:\fehqt\Proteus/EWL/lib/armv7e-m\libc.a(__strtoul.o)
                0x00013efc                __strtoul
 .text.__fill_mem
                0x000140d8       0x76 C:\fehqt\Proteus/EWL/lib/armv7e-m\libc.a(__filll_mem.o)
                0x000140d8                __fill_mem
 .text.memchr   0x0001414e       0x1a C:\fehqt\Proteus/EWL/lib/armv7e-m\libc.a(memchr.o)
                0x0001414e                memchr
 .text.strchr   0x00014168       0x1c C:\fehqt\Proteus/EWL/lib/armv7e-m\libc.a(strchr.o)
                0x00014168                strchr
 .text.__init_cpp
                0x00014184       0x4c C:\fehqt\Proteus/EWL/lib/armv7e-m\librt.a(gcc_ctor_dtor.o)
                0x00014184                __init_cpp
 .text.__fini_cpp
                0x000141d0       0x34 C:\fehqt\Proteus/EWL/lib/armv7e-m\librt.a(gcc_ctor_dtor.o)
                0x000141d0                __fini_cpp
 .text.__copy_rom_section
                0x00014204       0x44 C:\fehqt\Proteus/EWL/lib/armv7e-m\librt.a(ROMCopy.o)
                0x00014204                __copy_rom_section
 .text.__copy_rom_sections_to_ram
                0x00014248       0x34 C:\fehqt\Proteus/EWL/lib/armv7e-m\librt.a(ROMCopy.o)
                0x00014248                __copy_rom_sections_to_ram
 .text.__destroy_global_chain
                0x0001427c       0x1c C:\fehqt\Proteus/EWL/lib/armv7e-m\librt.a(__arm_eabi_init.o)
                0x0001427c                __destroy_global_chain
 .text.__init_registers
                0x00014298       0x20 C:\fehqt\Proteus/EWL/lib/armv7e-m\librt.a(__arm_eabi_init.o)
                0x00014298                __init_registers
 .text.__init_user
                0x000142b8        0x4 C:\fehqt\Proteus/EWL/lib/armv7e-m\librt.a(__arm_eabi_init.o)
                0x000142b8                __init_user
 *(.rodata)
 .rodata        0x000142bc       0x78 Libraries\FEHIO.o
 .rodata        0x00014334       0x34 Libraries\FEHLCD.o
 *(.rodata*)
 .rodata.K60_SDHC0_init
                0x00014368        0xc Drivers\SDHC.o
                0x00014368                K60_SDHC0_init
 .rodata._ZL21ESDHC_COMMAND_XFERTYP
                0x00014374      0x100 Drivers\SDHC.o
 .rodata._ZL9GPIOPorts
                0x00014474       0x20 Libraries\FEHIO.o
 .rodata._ZL10ADCNumbers
                0x00014494       0x24 Libraries\FEHIO.o
 .rodata._ZL14GPIOPinNumbers
                0x000144b8       0x80 Libraries\FEHIO.o
 .rodata._ZL16AnalogPinNumbers
                0x00014538       0x84 Libraries\FEHIO.o
 .rodata.str1.1
                0x000145bc        0x1 C:\fehqt\Proteus/EWL/lib/armv7e-m\libc.a(printformat_.o)
 .rodata.__aeabi_ctype_table_C
                0x000145bd      0x101 C:\fehqt\Proteus/EWL/lib/armv7e-m\libc.a(ctype_aeabi.o)
                0x000145bd                __aeabi_ctype_table_C
 *(.glue_7)
 .glue_7        0x00000000        0x0 linker stubs
 *(.glue_7t)
 .glue_7t       0x00000000        0x0 linker stubs
 *(.eh_frame)
 *(.init)
 *(.fini)
                0x000146c0                . = ALIGN (0x4)
 *fill*         0x000146be        0x2 00
                0x000146c0                _etext = .

.vfp11_veneer   0x000146c0        0x0
 .vfp11_veneer  0x00000000        0x0 linker stubs

.v4_bx          0x000146c0        0x0
 .v4_bx         0x00000000        0x0 linker stubs

.ARM.extab
 *(.ARM.extab* .gnu.linkonce.armextab.*)

.ARM            0x000146c0        0x0
                0x000146c0                __exidx_start = .
 *(.ARM.exidx*)
                0x000146c0                __exidx_end = .

.ctors          0x000146c0        0x0
                0x000146c0                __CTOR_LIST__ = .
 *crtbegin.o(.ctors)
 *(EXCLUDE_FILE(*crtend.o) .ctors)
 *(SORT(.ctors.*))
 *(.ctors)
                0x000146c0                __CTOR_END__ = .

.dtors          0x000146c0        0x0
                0x000146c0                __DTOR_LIST__ = .
 *crtbegin.o(.dtors)
 *(EXCLUDE_FILE(*crtend.o) .dtors)
 *(SORT(.dtors.*))
 *(.dtors)
                0x000146c0                __DTOR_END__ = .

.preinit_array  0x000146c0        0x0
                0x000146c0                PROVIDE (__preinit_array_start, .)
 *(.preinit_array*)
                0x000146c0                PROVIDE (__preinit_array_end, .)

.init_array     0x000146c0       0x20
                0x000146c0                PROVIDE (__init_array_start, .)
 *(SORT(.init_array.*))
 *(.init_array*)
 .init_array    0x000146c0        0x4 ..\main.o
 .init_array    0x000146c4        0x4 FEHProteus.o
 .init_array    0x000146c8        0x4 Libraries\FEHBuzzer.o
 .init_array    0x000146cc        0x4 Libraries\FEHLCD.o
 .init_array    0x000146d0        0x4 Libraries\FEHAccel.o
 .init_array    0x000146d4        0x4 Libraries\FEHBattery.o
 .init_array    0x000146d8        0x4 Libraries\FEHRPS.o
 .init_array    0x000146dc        0x4 Libraries\FEHSD.o
                0x000146e0                PROVIDE (__init_array_end, .)

.fini_array     0x000146e0        0x0
                0x000146e0                PROVIDE (__fini_array_start, .)
 *(SORT(.fini_array.*))
 *(.fini_array*)
                0x000146e0                PROVIDE (__fini_array_end, .)
                0x000146e0                ___ROM_AT = .

.data           0x1fff0400      0xd1c load address 0x000146e0
                0x1fff0400                . = ALIGN (0x4)
                0x1fff0400                _sdata = .
 *(.data)
 *(.data*)
 .data._ZL4Stat
                0x1fff0400        0x1 Drivers\SDHC.o
 *fill*         0x1fff0401        0x3 00
 .data.image    0x1fff0404      0x750 Libraries\FEHLCD.o
                0x1fff0404                image
 .data.logo     0x1fff0b54      0x3e8 Libraries\FEHLCD.o
                0x1fff0b54                logo
 .data._ZN6FEHLCD8fontDataE
                0x1fff0f3c      0x1e0 Libraries\FEHLCD.o
                0x1fff0f3c                FEHLCD::fontData
                0x1fff111c                . = ALIGN (0x4)
                0x1fff111c                _edata = .
                0x00000d1c                ___data_size = (_edata - _sdata)
                0x000153fc                ___m_data2_ROMStart = (___ROM_AT + SIZEOF (.data))

.user_data2     0x20000000        0x0 load address 0x000153fc
                0x20000000                . = ALIGN (0x4)
                0x20000000                ___m_data2_RAMStart = .
 *(.data2)
                0x20000000                ___m_data2_RAMEnd = .
                0x20000000                . = ALIGN (0x4)
                0x00000000                ___m_data2_ROMSize = (___m_data2_RAMEnd - ___m_data2_RAMStart)
                0x20000000                . = ALIGN (0x4)

.bss            0x1fff111c      0x5d0 load address 0x000153fc
                0x1fff111c                __START_BSS = .
                0x1fff111c                PROVIDE (__bss_start__, __START_BSS)
 *(.bss)
 *(.bss*)
 .bss.buttons   0x1fff111c        0x4 ..\main.o
                0x1fff111c                buttons
 .bss.right_encoder
                0x1fff1120        0x4 ..\main.o
                0x1fff1120                right_encoder
 .bss.left_encoder
                0x1fff1124        0x4 ..\main.o
                0x1fff1124                left_encoder
 .bss.right_motor
                0x1fff1128        0x8 ..\main.o
                0x1fff1128                right_motor
 .bss.left_motor
                0x1fff1130        0x8 ..\main.o
                0x1fff1130                left_motor
 .bss.CdS_cell  0x1fff1138        0x4 ..\main.o
                0x1fff1138                CdS_cell
 .bss._ZL4argv  0x1fff113c        0x4 Startup\__arm_start.o
 .bss.MasterTransmission
                0x1fff1140        0x1 Drivers\i2c.o
                0x1fff1140                MasterTransmission
 .bss.SlaveID   0x1fff1141        0x1 Drivers\i2c.o
                0x1fff1141                SlaveID
 *fill*         0x1fff1142        0x2 00
 .bss.SDHC_Card
                0x1fff1144       0x14 Drivers\SDHC.o
                0x1fff1144                SDHC_Card
 .bss.SDHC_Info
                0x1fff1158      0x204 Drivers\SDHC.o
                0x1fff1158                SDHC_Info
 .bss.SDHC_Device
                0x1fff135c        0x8 Drivers\SDHC.o
                0x1fff135c                SDHC_Device
 .bss.Propeller
                0x1fff1364        0x4 FEHProteus.o
                0x1fff1364                Propeller
 .bss.CoreClockKHz
                0x1fff1368        0x4 FEHProteus.o
                0x1fff1368                CoreClockKHz
 .bss.CoreClockMHz
                0x1fff136c        0x4 FEHProteus.o
                0x1fff136c                CoreClockMHz
 .bss.PeripheralClockKHz
                0x1fff1370        0x4 FEHProteus.o
                0x1fff1370                PeripheralClockKHz
 .bss._ZN14AnalogInputPin17Master_Adc_ConfigE
                0x1fff1374       0x10 Libraries\FEHIO.o
                0x1fff1374                AnalogInputPin::Master_Adc_Config
 .bss._ZN14AnalogInputPin18Encoder_Adc_ConfigE
                0x1fff1384       0x10 Libraries\FEHIO.o
                0x1fff1384                AnalogInputPin::Encoder_Adc_Config
 .bss.interrupt_counts
                0x1fff1394       0x80 Libraries\FEHIO.o
                0x1fff1394                interrupt_counts
 .bss._ZN13AnalogEncoder7pinListE
                0x1fff1414        0x4 Libraries\FEHIO.o
                0x1fff1414                AnalogEncoder::pinList
 .bss.__interrupt_counter
                0x1fff1418        0x4 Libraries\FEHIO.o
                0x1fff1418                __interrupt_counter
 .bss.Buzzer    0x1fff141c        0x4 Libraries\FEHBuzzer.o
                0x1fff141c                Buzzer
 .bss.LCD       0x1fff1420       0x44 Libraries\FEHLCD.o
                0x1fff1420                LCD
 .bss.initialized
                0x1fff1464        0x1 Libraries\FEHLCD.o
                0x1fff1464                initialized
 *fill*         0x1fff1465        0x3 00
 .bss.Accel     0x1fff1468        0x4 Libraries\FEHAccel.o
                0x1fff1468                Accel
 .bss.Battery   0x1fff146c        0x4 Libraries\FEHBattery.o
                0x1fff146c                Battery
 .bss.XBeeDataProcess
                0x1fff1470        0x4 Drivers\FEHXBee.o
                0x1fff1470                XBeeDataProcess
 .bss._xbeebuffer
                0x1fff1474       0x10 Drivers\FEHXBee.o
                0x1fff1474                _xbeebuffer
 .bss._xbeebufferindex
                0x1fff1484        0x1 Drivers\FEHXBee.o
                0x1fff1484                _xbeebufferindex
 .bss._xbeestate
                0x1fff1485        0x1 Drivers\FEHXBee.o
                0x1fff1485                _xbeestate
 .bss._xbeebytereceived
                0x1fff1486        0x1 Drivers\FEHXBee.o
                0x1fff1486                _xbeebytereceived
 .bss._xbeebyte
                0x1fff1487        0x1 Drivers\FEHXBee.o
                0x1fff1487                _xbeebyte
 .bss.RPS       0x1fff1488        0x8 Libraries\FEHRPS.o
                0x1fff1488                RPS
 .bss._enabled  0x1fff1490        0x1 Libraries\FEHRPS.o
                0x1fff1490                _enabled
 *fill*         0x1fff1491        0x3 00
 .bss._RPS_x    0x1fff1494        0x4 Libraries\FEHRPS.o
                0x1fff1494                _RPS_x
 .bss._RPS_y    0x1fff1498        0x4 Libraries\FEHRPS.o
                0x1fff1498                _RPS_y
 .bss._RPS_heading
                0x1fff149c        0x4 Libraries\FEHRPS.o
                0x1fff149c                _RPS_heading
 .bss._RPS_objective
                0x1fff14a0        0x4 Libraries\FEHRPS.o
                0x1fff14a0                _RPS_objective
 .bss._RPS_time
                0x1fff14a4        0x1 Libraries\FEHRPS.o
                0x1fff14a4                _RPS_time
 .bss._RPS_stop
                0x1fff14a5        0x1 Libraries\FEHRPS.o
                0x1fff14a5                _RPS_stop
 .bss._RPS_foundpacket
                0x1fff14a6        0x1 Libraries\FEHRPS.o
                0x1fff14a6                _RPS_foundpacket
 *fill*         0x1fff14a7        0x1 00
 .bss.SD        0x1fff14a8        0x4 Libraries\FEHSD.o
                0x1fff14a8                SD
 .bss.logfil    0x1fff14ac      0x228 Libraries\FEHSD.o
                0x1fff14ac                logfil
 .bss.__stdio_exit
                0x1fff16d4        0x4 C:\fehqt\Proteus/EWL/lib/armv7e-m\libc.a(exit.o)
                0x1fff16d4                __stdio_exit
 .bss.__console_exit
                0x1fff16d8        0x4 C:\fehqt\Proteus/EWL/lib/armv7e-m\libc.a(exit.o)
                0x1fff16d8                __console_exit
 .bss.__S_romp  0x1fff16dc        0xc C:\fehqt\Proteus/EWL/lib/armv7e-m\librt.a(ROMCopy.o)
 .bss.__global_destructor_chain
                0x1fff16e8        0x4 C:\fehqt\Proteus/EWL/lib/armv7e-m\librt.a(__arm_eabi_init.o)
                0x1fff16e8                __global_destructor_chain
 *(COMMON)
                0x1fff16ec                . = ALIGN (0x4)
                0x1fff16ec                __END_BSS = .
                0x1fff16ec                PROVIDE (__bss_end__, __END_BSS)

._user_heap_stack
                0x1fff16ec     0x1000 load address 0x000159cc
                0x1fff16ec                . = ALIGN (0x4)
                0x1fff16ec                PROVIDE (end, .)
                0x1fff16ec                PROVIDE (_end, .)
                0x1fff16ec                __heap_addr = .
                0x1fff1eec                . = (. + __heap_size)
 *fill*         0x1fff16ec      0x800 00
                0x1fff26ec                . = (. + __stack_size)
 *fill*         0x1fff1eec      0x800 00
                0x1fff26ec                . = ALIGN (0x4)
                0x000153fc                _romp_at = ((___ROM_AT + SIZEOF (.data)) + SIZEOF (.user_data2))

.romp           0x20000000       0x24 load address 0x000153fc
                0x000153fc                __S_romp = _romp_at
                0x20000000        0x4 LONG 0x146e0 ___ROM_AT
                0x20000004        0x4 LONG 0x1fff0400 _sdata
                0x20000008        0x4 LONG 0xd1c ___data_size
                0x2000000c        0x4 LONG 0x153fc ___m_data2_ROMStart
                0x20000010        0x4 LONG 0x20000000 ___m_data2_RAMStart
                0x20000014        0x4 LONG 0x0 ___m_data2_ROMSize
                0x20000018        0x4 LONG 0x0
                0x2000001c        0x4 LONG 0x0
                0x20000020        0x4 LONG 0x0

.ARM.attributes
                0x00000000       0x33
 *(.ARM.attributes)
 .ARM.attributes
                0x00000000       0x33 ..\main.o
 .ARM.attributes
                0x00000033       0x33 Startup\__arm_start.o
 .ARM.attributes
                0x00000066       0x33 Startup\__arm_end.o
 .ARM.attributes
                0x00000099       0x33 Startup\kinetis_sysinit.o
 .ARM.attributes
                0x000000cc       0x33 Libraries\FEHMotor.o
 .ARM.attributes
                0x000000ff       0x33 Drivers\i2c.o
 .ARM.attributes
                0x00000132       0x33 Drivers\spi.o
 .ARM.attributes
                0x00000165       0x33 Drivers\uart.o
 .ARM.attributes
                0x00000198       0x33 Drivers\ff.o
 .ARM.attributes
                0x000001cb       0x33 Drivers\SDHC.o
 .ARM.attributes
                0x000001fe       0x33 Drivers\lptmr.o
 .ARM.attributes
                0x00000231       0x33 FEHProteus.o
 .ARM.attributes
                0x00000264       0x33 Drivers\FEHPropeller.o
 .ARM.attributes
                0x00000297       0x33 Libraries\FEHUtility.o
 .ARM.attributes
                0x000002ca       0x33 Libraries\FEHIO.o
 .ARM.attributes
                0x000002fd       0x33 Drivers\adc16.o
 .ARM.attributes
                0x00000330       0x33 Libraries\FEHBuzzer.o
 .ARM.attributes
                0x00000363       0x33 Libraries\FEHLCD.o
 .ARM.attributes
                0x00000396       0x33 Libraries\FEHAccel.o
 .ARM.attributes
                0x000003c9       0x33 Libraries\FEHBattery.o
 .ARM.attributes
                0x000003fc       0x33 Drivers\FEHXBee.o
 .ARM.attributes
                0x0000042f       0x33 Libraries\FEHRPS.o
 .ARM.attributes
                0x00000462       0x33 Libraries\FEHSD.o
 .ARM.attributes
                0x00000495       0x33 C:\fehqt\Proteus/EWL/lib/armv7e-m\libc.a(exit.o)
 .ARM.attributes
                0x000004c8       0x33 C:\fehqt\Proteus/EWL/lib/armv7e-m\libc.a(memset.o)
 .ARM.attributes
                0x000004fb       0x33 C:\fehqt\Proteus/EWL/lib/armv7e-m\libc.a(strlen.o)
 .ARM.attributes
                0x0000052e       0x33 C:\fehqt\Proteus/EWL/lib/armv7e-m\libc.a(printformat_.o)
 .ARM.attributes
                0x00000561       0x33 C:\fehqt\Proteus/EWL/lib/armv7e-m\libc.a(scanformat_.o)
 .ARM.attributes
                0x00000594       0x33 C:\fehqt\Proteus/EWL/lib/armv7e-m\libc.a(ctype_aeabi.o)
 .ARM.attributes
                0x000005c7       0x33 C:\fehqt\Proteus/EWL/lib/armv7e-m\libc.a(__strtoul.o)
 .ARM.attributes
                0x000005fa       0x33 C:\fehqt\Proteus/EWL/lib/armv7e-m\libc.a(__filll_mem.o)
 .ARM.attributes
                0x0000062d       0x33 C:\fehqt\Proteus/EWL/lib/armv7e-m\libc.a(memchr.o)
 .ARM.attributes
                0x00000660       0x33 C:\fehqt\Proteus/EWL/lib/armv7e-m\libc.a(strchr.o)
 .ARM.attributes
                0x00000693       0x1e c:/fehqt/proteus/gcc/bin/../lib/gcc/arm-none-eabi/4.6.2/armv7e-m\libgcc.a(_arm_addsubdf3.o)
 .ARM.attributes
                0x000006b1       0x1e c:/fehqt/proteus/gcc/bin/../lib/gcc/arm-none-eabi/4.6.2/armv7e-m\libgcc.a(_arm_muldivdf3.o)
 .ARM.attributes
                0x000006cf       0x1e c:/fehqt/proteus/gcc/bin/../lib/gcc/arm-none-eabi/4.6.2/armv7e-m\libgcc.a(_arm_fixunsdfsi.o)
 .ARM.attributes
                0x000006ed       0x1e c:/fehqt/proteus/gcc/bin/../lib/gcc/arm-none-eabi/4.6.2/armv7e-m\libgcc.a(_arm_truncdfsf2.o)
 .ARM.attributes
                0x0000070b       0x1e c:/fehqt/proteus/gcc/bin/../lib/gcc/arm-none-eabi/4.6.2/armv7e-m\libgcc.a(_arm_addsubsf3.o)
 .ARM.attributes
                0x00000729       0x1e c:/fehqt/proteus/gcc/bin/../lib/gcc/arm-none-eabi/4.6.2/armv7e-m\libgcc.a(_arm_muldivsf3.o)
 .ARM.attributes
                0x00000747       0x1e c:/fehqt/proteus/gcc/bin/../lib/gcc/arm-none-eabi/4.6.2/armv7e-m\libgcc.a(_arm_cmpsf2.o)
 .ARM.attributes
                0x00000765       0x33 C:\fehqt\Proteus/EWL/lib/armv7e-m\librt.a(gcc_ctor_dtor.o)
 .ARM.attributes
                0x00000798       0x33 C:\fehqt\Proteus/EWL/lib/armv7e-m\librt.a(ROMCopy.o)
 .ARM.attributes
                0x000007cb       0x33 C:\fehqt\Proteus/EWL/lib/armv7e-m\librt.a(__arm_eabi_init.o)
OUTPUT(../Robot.elf elf32-littlearm)

.debug_info     0x00000000    0x128b7
 .debug_info    0x00000000     0x1223 ..\main.o
 .debug_info    0x00001223     0x12c5 Startup\__arm_start.o
 .debug_info    0x000024e8       0x58 Startup\__arm_end.o
 .debug_info    0x00002540      0x57d Startup\kinetis_sysinit.o
 .debug_info    0x00002abd      0x335 Libraries\FEHMotor.o
 .debug_info    0x00002df2      0x250 Drivers\i2c.o
 .debug_info    0x00003042      0x6cf Drivers\spi.o
 .debug_info    0x00003711      0x59c Drivers\uart.o
 .debug_info    0x00003cad     0x1da0 Drivers\ff.o
 .debug_info    0x00005a4d      0xf1d Drivers\SDHC.o
 .debug_info    0x0000696a      0x2de Drivers\lptmr.o
 .debug_info    0x00006c48      0x1a7 FEHProteus.o
 .debug_info    0x00006def      0x722 Drivers\FEHPropeller.o
 .debug_info    0x00007511      0x36c Libraries\FEHUtility.o
 .debug_info    0x0000787d     0x1c6a Libraries\FEHIO.o
 .debug_info    0x000094e7      0x4ab Drivers\adc16.o
 .debug_info    0x00009992      0xa42 Libraries\FEHBuzzer.o
 .debug_info    0x0000a3d4     0x2c25 Libraries\FEHLCD.o
 .debug_info    0x0000cff9      0x26a Libraries\FEHAccel.o
 .debug_info    0x0000d263      0x3a9 Libraries\FEHBattery.o
 .debug_info    0x0000d60c      0xac3 Drivers\FEHXBee.o
 .debug_info    0x0000e0cf     0x1985 Libraries\FEHRPS.o
 .debug_info    0x0000fa54     0x1242 Libraries\FEHSD.o
 .debug_info    0x00010c96      0x103 C:\fehqt\Proteus/EWL/lib/armv7e-m\libc.a(exit.o)
 .debug_info    0x00010d99       0xf4 C:\fehqt\Proteus/EWL/lib/armv7e-m\libc.a(memset.o)
 .debug_info    0x00010e8d       0xf3 C:\fehqt\Proteus/EWL/lib/armv7e-m\libc.a(strlen.o)
 .debug_info    0x00010f80      0x512 C:\fehqt\Proteus/EWL/lib/armv7e-m\libc.a(printformat_.o)
 .debug_info    0x00011492      0x564 C:\fehqt\Proteus/EWL/lib/armv7e-m\libc.a(scanformat_.o)
 .debug_info    0x000119f6      0x32a C:\fehqt\Proteus/EWL/lib/armv7e-m\libc.a(ctype_aeabi.o)
 .debug_info    0x00011d20      0x1d7 C:\fehqt\Proteus/EWL/lib/armv7e-m\libc.a(__strtoul.o)
 .debug_info    0x00011ef7      0x13d C:\fehqt\Proteus/EWL/lib/armv7e-m\libc.a(__filll_mem.o)
 .debug_info    0x00012034      0x129 C:\fehqt\Proteus/EWL/lib/armv7e-m\libc.a(memchr.o)
 .debug_info    0x0001215d      0x110 C:\fehqt\Proteus/EWL/lib/armv7e-m\libc.a(strchr.o)
 .debug_info    0x0001226d      0x1c0 C:\fehqt\Proteus/EWL/lib/armv7e-m\librt.a(gcc_ctor_dtor.o)
 .debug_info    0x0001242d      0x1b8 C:\fehqt\Proteus/EWL/lib/armv7e-m\librt.a(ROMCopy.o)
 .debug_info    0x000125e5      0x2d2 C:\fehqt\Proteus/EWL/lib/armv7e-m\librt.a(__arm_eabi_init.o)

.debug_abbrev   0x00000000     0x3825
 .debug_abbrev  0x00000000      0x29e ..\main.o
 .debug_abbrev  0x0000029e      0x28f Startup\__arm_start.o
 .debug_abbrev  0x0000052d       0x45 Startup\__arm_end.o
 .debug_abbrev  0x00000572      0x18a Startup\kinetis_sysinit.o
 .debug_abbrev  0x000006fc      0x18c Libraries\FEHMotor.o
 .debug_abbrev  0x00000888       0xfc Drivers\i2c.o
 .debug_abbrev  0x00000984      0x18b Drivers\spi.o
 .debug_abbrev  0x00000b0f      0x15f Drivers\uart.o
 .debug_abbrev  0x00000c6e      0x18f Drivers\ff.o
 .debug_abbrev  0x00000dfd      0x223 Drivers\SDHC.o
 .debug_abbrev  0x00001020       0xd2 Drivers\lptmr.o
 .debug_abbrev  0x000010f2      0x101 FEHProteus.o
 .debug_abbrev  0x000011f3      0x1c6 Drivers\FEHPropeller.o
 .debug_abbrev  0x000013b9      0x154 Libraries\FEHUtility.o
 .debug_abbrev  0x0000150d      0x448 Libraries\FEHIO.o
 .debug_abbrev  0x00001955      0x12a Drivers\adc16.o
 .debug_abbrev  0x00001a7f      0x1da Libraries\FEHBuzzer.o
 .debug_abbrev  0x00001c59      0x38c Libraries\FEHLCD.o
 .debug_abbrev  0x00001fe5      0x13b Libraries\FEHAccel.o
 .debug_abbrev  0x00002120      0x1cb Libraries\FEHBattery.o
 .debug_abbrev  0x000022eb      0x231 Drivers\FEHXBee.o
 .debug_abbrev  0x0000251c      0x37f Libraries\FEHRPS.o
 .debug_abbrev  0x0000289b      0x33a Libraries\FEHSD.o
 .debug_abbrev  0x00002bd5       0x8f C:\fehqt\Proteus/EWL/lib/armv7e-m\libc.a(exit.o)
 .debug_abbrev  0x00002c64       0x66 C:\fehqt\Proteus/EWL/lib/armv7e-m\libc.a(memset.o)
 .debug_abbrev  0x00002cca       0x7e C:\fehqt\Proteus/EWL/lib/armv7e-m\libc.a(strlen.o)
 .debug_abbrev  0x00002d48      0x204 C:\fehqt\Proteus/EWL/lib/armv7e-m\libc.a(printformat_.o)
 .debug_abbrev  0x00002f4c      0x1fb C:\fehqt\Proteus/EWL/lib/armv7e-m\libc.a(scanformat_.o)
 .debug_abbrev  0x00003147       0x9a C:\fehqt\Proteus/EWL/lib/armv7e-m\libc.a(ctype_aeabi.o)
 .debug_abbrev  0x000031e1       0xc6 C:\fehqt\Proteus/EWL/lib/armv7e-m\libc.a(__strtoul.o)
 .debug_abbrev  0x000032a7       0x8b C:\fehqt\Proteus/EWL/lib/armv7e-m\libc.a(__filll_mem.o)
 .debug_abbrev  0x00003332       0x99 C:\fehqt\Proteus/EWL/lib/armv7e-m\libc.a(memchr.o)
 .debug_abbrev  0x000033cb       0x8d C:\fehqt\Proteus/EWL/lib/armv7e-m\libc.a(strchr.o)
 .debug_abbrev  0x00003458       0x9d C:\fehqt\Proteus/EWL/lib/armv7e-m\librt.a(gcc_ctor_dtor.o)
 .debug_abbrev  0x000034f5      0x160 C:\fehqt\Proteus/EWL/lib/armv7e-m\librt.a(ROMCopy.o)
 .debug_abbrev  0x00003655      0x1d0 C:\fehqt\Proteus/EWL/lib/armv7e-m\librt.a(__arm_eabi_init.o)

.debug_loc      0x00000000     0x6280
 .debug_loc     0x00000000      0x17c ..\main.o
 .debug_loc     0x0000017c       0xb0 Startup\__arm_start.o
 .debug_loc     0x0000022c       0x38 Startup\__arm_end.o
 .debug_loc     0x00000264       0x84 Startup\kinetis_sysinit.o
 .debug_loc     0x000002e8       0xe0 Libraries\FEHMotor.o
 .debug_loc     0x000003c8       0xe0 Drivers\i2c.o
 .debug_loc     0x000004a8      0x19c Drivers\spi.o
 .debug_loc     0x00000644       0xe0 Drivers\uart.o
 .debug_loc     0x00000724      0xa96 Drivers\ff.o
 .debug_loc     0x000011ba      0x370 Drivers\SDHC.o
 .debug_loc     0x0000152a       0x38 Drivers\lptmr.o
 .debug_loc     0x00001562       0x64 FEHProteus.o
 .debug_loc     0x000015c6      0x118 Drivers\FEHPropeller.o
 .debug_loc     0x000016de      0x1a8 Libraries\FEHUtility.o
 .debug_loc     0x00001886      0x8d6 Libraries\FEHIO.o
 .debug_loc     0x0000215c       0xa8 Drivers\adc16.o
 .debug_loc     0x00002204      0x304 Libraries\FEHBuzzer.o
 .debug_loc     0x00002508     0x1147 Libraries\FEHLCD.o
 .debug_loc     0x0000364f      0x144 Libraries\FEHAccel.o
 .debug_loc     0x00003793       0xd4 Libraries\FEHBattery.o
 .debug_loc     0x00003867      0x1c0 Drivers\FEHXBee.o
 .debug_loc     0x00003a27      0x3b0 Libraries\FEHRPS.o
 .debug_loc     0x00003dd7      0x188 Libraries\FEHSD.o
 .debug_loc     0x00003f5f       0x3e C:\fehqt\Proteus/EWL/lib/armv7e-m\libc.a(exit.o)
 .debug_loc     0x00003f9d       0x64 C:\fehqt\Proteus/EWL/lib/armv7e-m\libc.a(memset.o)
 .debug_loc     0x00004001       0x31 C:\fehqt\Proteus/EWL/lib/armv7e-m\libc.a(strlen.o)
 .debug_loc     0x00004032     0x106f C:\fehqt\Proteus/EWL/lib/armv7e-m\libc.a(printformat_.o)
 .debug_loc     0x000050a1      0x8cb C:\fehqt\Proteus/EWL/lib/armv7e-m\libc.a(scanformat_.o)
 .debug_loc     0x0000596c      0x18e C:\fehqt\Proteus/EWL/lib/armv7e-m\libc.a(ctype_aeabi.o)
 .debug_loc     0x00005afa      0x2ad C:\fehqt\Proteus/EWL/lib/armv7e-m\libc.a(__strtoul.o)
 .debug_loc     0x00005da7      0x12c C:\fehqt\Proteus/EWL/lib/armv7e-m\libc.a(__filll_mem.o)
 .debug_loc     0x00005ed3       0x82 C:\fehqt\Proteus/EWL/lib/armv7e-m\libc.a(memchr.o)
 .debug_loc     0x00005f55       0x78 C:\fehqt\Proteus/EWL/lib/armv7e-m\libc.a(strchr.o)
 .debug_loc     0x00005fcd       0xbe C:\fehqt\Proteus/EWL/lib/armv7e-m\librt.a(gcc_ctor_dtor.o)
 .debug_loc     0x0000608b       0x9b C:\fehqt\Proteus/EWL/lib/armv7e-m\librt.a(ROMCopy.o)
 .debug_loc     0x00006126      0x15a C:\fehqt\Proteus/EWL/lib/armv7e-m\librt.a(__arm_eabi_init.o)

.debug_aranges  0x00000000      0xdc8
 .debug_aranges
                0x00000000       0x50 ..\main.o
 .debug_aranges
                0x00000050       0x48 Startup\__arm_start.o
 .debug_aranges
                0x00000098       0x20 Startup\__arm_end.o
 .debug_aranges
                0x000000b8       0x30 Startup\kinetis_sysinit.o
 .debug_aranges
                0x000000e8       0x38 Libraries\FEHMotor.o
 .debug_aranges
                0x00000120       0x38 Drivers\i2c.o
 .debug_aranges
                0x00000158       0x58 Drivers\spi.o
 .debug_aranges
                0x000001b0       0x38 Drivers\uart.o
 .debug_aranges
                0x000001e8      0x198 Drivers\ff.o
 .debug_aranges
                0x00000380       0x98 Drivers\SDHC.o
 .debug_aranges
                0x00000418       0x20 Drivers\lptmr.o
 .debug_aranges
                0x00000438       0x28 FEHProteus.o
 .debug_aranges
                0x00000460       0x40 Drivers\FEHPropeller.o
 .debug_aranges
                0x000004a0       0x58 Libraries\FEHUtility.o
 .debug_aranges
                0x000004f8      0x160 Libraries\FEHIO.o
 .debug_aranges
                0x00000658       0x30 Drivers\adc16.o
 .debug_aranges
                0x00000688       0x88 Libraries\FEHBuzzer.o
 .debug_aranges
                0x00000710      0x290 Libraries\FEHLCD.o
 .debug_aranges
                0x000009a0       0x48 Libraries\FEHAccel.o
 .debug_aranges
                0x000009e8       0x38 Libraries\FEHBattery.o
 .debug_aranges
                0x00000a20       0x58 Drivers\FEHXBee.o
 .debug_aranges
                0x00000a78       0xa0 Libraries\FEHRPS.o
 .debug_aranges
                0x00000b18       0x50 Libraries\FEHSD.o
 .debug_aranges
                0x00000b68       0x20 C:\fehqt\Proteus/EWL/lib/armv7e-m\libc.a(exit.o)
 .debug_aranges
                0x00000b88       0x20 C:\fehqt\Proteus/EWL/lib/armv7e-m\libc.a(memset.o)
 .debug_aranges
                0x00000ba8       0x20 C:\fehqt\Proteus/EWL/lib/armv7e-m\libc.a(strlen.o)
 .debug_aranges
                0x00000bc8       0x28 C:\fehqt\Proteus/EWL/lib/armv7e-m\libc.a(printformat_.o)
 .debug_aranges
                0x00000bf0       0x20 C:\fehqt\Proteus/EWL/lib/armv7e-m\libc.a(scanformat_.o)
 .debug_aranges
                0x00000c10       0x88 C:\fehqt\Proteus/EWL/lib/armv7e-m\libc.a(ctype_aeabi.o)
 .debug_aranges
                0x00000c98       0x20 C:\fehqt\Proteus/EWL/lib/armv7e-m\libc.a(__strtoul.o)
 .debug_aranges
                0x00000cb8       0x20 C:\fehqt\Proteus/EWL/lib/armv7e-m\libc.a(__filll_mem.o)
 .debug_aranges
                0x00000cd8       0x20 C:\fehqt\Proteus/EWL/lib/armv7e-m\libc.a(memchr.o)
 .debug_aranges
                0x00000cf8       0x20 C:\fehqt\Proteus/EWL/lib/armv7e-m\libc.a(strchr.o)
 .debug_aranges
                0x00000d18       0x28 C:\fehqt\Proteus/EWL/lib/armv7e-m\librt.a(gcc_ctor_dtor.o)
 .debug_aranges
                0x00000d40       0x30 C:\fehqt\Proteus/EWL/lib/armv7e-m\librt.a(ROMCopy.o)
 .debug_aranges
                0x00000d70       0x58 C:\fehqt\Proteus/EWL/lib/armv7e-m\librt.a(__arm_eabi_init.o)

.debug_line     0x00000000     0x72f4
 .debug_line    0x00000000      0x301 ..\main.o
 .debug_line    0x00000301      0x3ad Startup\__arm_start.o
 .debug_line    0x000006ae      0x21a Startup\__arm_end.o
 .debug_line    0x000008c8      0x283 Startup\kinetis_sysinit.o
 .debug_line    0x00000b4b      0x237 Libraries\FEHMotor.o
 .debug_line    0x00000d82      0x2ad Drivers\i2c.o
 .debug_line    0x0000102f      0x295 Drivers\spi.o
 .debug_line    0x000012c4      0x212 Drivers\uart.o
 .debug_line    0x000014d6     0x1114 Drivers\ff.o
 .debug_line    0x000025ea      0x678 Drivers\SDHC.o
 .debug_line    0x00002c62      0x1c0 Drivers\lptmr.o
 .debug_line    0x00002e22      0x1da FEHProteus.o
 .debug_line    0x00002ffc      0x264 Drivers\FEHPropeller.o
 .debug_line    0x00003260      0x282 Libraries\FEHUtility.o
 .debug_line    0x000034e2      0x6ee Libraries\FEHIO.o
 .debug_line    0x00003bd0      0x20f Drivers\adc16.o
 .debug_line    0x00003ddf      0x2df Libraries\FEHBuzzer.o
 .debug_line    0x000040be     0x1151 Libraries\FEHLCD.o
 .debug_line    0x0000520f      0x23f Libraries\FEHAccel.o
 .debug_line    0x0000544e      0x218 Libraries\FEHBattery.o
 .debug_line    0x00005666      0x349 Drivers\FEHXBee.o
 .debug_line    0x000059af      0x6e9 Libraries\FEHRPS.o
 .debug_line    0x00006098      0x334 Libraries\FEHSD.o
 .debug_line    0x000063cc       0x94 C:\fehqt\Proteus/EWL/lib/armv7e-m\libc.a(exit.o)
 .debug_line    0x00006460       0x8f C:\fehqt\Proteus/EWL/lib/armv7e-m\libc.a(memset.o)
 .debug_line    0x000064ef       0x89 C:\fehqt\Proteus/EWL/lib/armv7e-m\libc.a(strlen.o)
 .debug_line    0x00006578      0x2c6 C:\fehqt\Proteus/EWL/lib/armv7e-m\libc.a(printformat_.o)
 .debug_line    0x0000683e      0x2e3 C:\fehqt\Proteus/EWL/lib/armv7e-m\libc.a(scanformat_.o)
 .debug_line    0x00006b21      0x1dd C:\fehqt\Proteus/EWL/lib/armv7e-m\libc.a(ctype_aeabi.o)
 .debug_line    0x00006cfe      0x141 C:\fehqt\Proteus/EWL/lib/armv7e-m\libc.a(__strtoul.o)
 .debug_line    0x00006e3f      0x121 C:\fehqt\Proteus/EWL/lib/armv7e-m\libc.a(__filll_mem.o)
 .debug_line    0x00006f60       0xa3 C:\fehqt\Proteus/EWL/lib/armv7e-m\libc.a(memchr.o)
 .debug_line    0x00007003       0x84 C:\fehqt\Proteus/EWL/lib/armv7e-m\libc.a(strchr.o)
 .debug_line    0x00007087       0x94 C:\fehqt\Proteus/EWL/lib/armv7e-m\librt.a(gcc_ctor_dtor.o)
 .debug_line    0x0000711b       0xc0 C:\fehqt\Proteus/EWL/lib/armv7e-m\librt.a(ROMCopy.o)
 .debug_line    0x000071db      0x119 C:\fehqt\Proteus/EWL/lib/armv7e-m\librt.a(__arm_eabi_init.o)

.debug_macinfo  0x00000000   0x836bb7
 .debug_macinfo
                0x00000000    0x6444d ..\main.o
 .debug_macinfo
                0x0006444d    0x647fb Startup\__arm_start.o
 .debug_macinfo
                0x000c8c48     0x3464 Startup\__arm_end.o
 .debug_macinfo
                0x000cc0ac    0x64cce Startup\kinetis_sysinit.o
 .debug_macinfo
                0x00130d7a    0x6305c Libraries\FEHMotor.o
 .debug_macinfo
                0x00193dd6    0x6318f Drivers\i2c.o
 .debug_macinfo
                0x001f6f65    0x62fd6 Drivers\spi.o
 .debug_macinfo
                0x00259f3b    0x62fc7 Drivers\uart.o
 .debug_macinfo
                0x002bcf02     0x4396 Drivers\ff.o
 .debug_macinfo
                0x002c1298    0x6452b Drivers\SDHC.o
 .debug_macinfo
                0x003257c3    0x63036 Drivers\lptmr.o
 .debug_macinfo
                0x003887f9    0x62fdc FEHProteus.o
 .debug_macinfo
                0x003eb7d5    0x63085 Drivers\FEHPropeller.o
 .debug_macinfo
                0x0044e85a    0x62ff1 Libraries\FEHUtility.o
 .debug_macinfo
                0x004b184b    0x64348 Libraries\FEHIO.o
 .debug_macinfo
                0x00515b93    0x63678 Drivers\adc16.o
 .debug_macinfo
                0x0057920b    0x6301e Libraries\FEHBuzzer.o
 .debug_macinfo
                0x005dc229    0x649ab Libraries\FEHLCD.o
 .debug_macinfo
                0x00640bd4    0x631be Libraries\FEHAccel.o
 .debug_macinfo
                0x006a3d92    0x636a3 Libraries\FEHBattery.o
 .debug_macinfo
                0x00707435    0x63d5d Drivers\FEHXBee.o
 .debug_macinfo
                0x0076b192    0x66194 Libraries\FEHRPS.o
 .debug_macinfo
                0x007d1326    0x65891 Libraries\FEHSD.o

.debug_str      0x00000000     0x498a
 .debug_str     0x00000000     0x10f9 ..\main.o
                               0x11ac (size before relaxing)
 .debug_str     0x000010f9      0x361 Startup\__arm_start.o
                                0xe92 (size before relaxing)
 .debug_str     0x0000145a       0x23 Startup\__arm_end.o
                                 0xe6 (size before relaxing)
 .debug_str     0x0000147d      0x1d6 Startup\kinetis_sysinit.o
                                0x391 (size before relaxing)
 .debug_str     0x00001653       0x2f Libraries\FEHMotor.o
                                0x304 (size before relaxing)
 .debug_str     0x00001682      0x11a Drivers\i2c.o
                                0x22d (size before relaxing)
 .debug_str     0x0000179c      0x18b Drivers\spi.o
                                0x3e6 (size before relaxing)
 .debug_str     0x00001927      0x188 Drivers\uart.o
                                0x37b (size before relaxing)
 .debug_str     0x00001aaf      0x6b5 Drivers\ff.o
                                0x87e (size before relaxing)
 .debug_str     0x00002164      0x546 Drivers\SDHC.o
                                0x854 (size before relaxing)
 .debug_str     0x000026aa       0x5a Drivers\lptmr.o
                                0x234 (size before relaxing)
 .debug_str     0x00002704       0x28 FEHProteus.o
                                0x280 (size before relaxing)
 .debug_str     0x0000272c       0x1f Drivers\FEHPropeller.o
                                0x3c1 (size before relaxing)
 .debug_str     0x0000274b       0xc0 Libraries\FEHUtility.o
                                0x205 (size before relaxing)
 .debug_str     0x0000280b      0xb81 Libraries\FEHIO.o
                               0x12d6 (size before relaxing)
 .debug_str     0x0000338c       0xd7 Drivers\adc16.o
                                0x2c5 (size before relaxing)
 .debug_str     0x00003463      0x1ba Libraries\FEHBuzzer.o
                                0x3d7 (size before relaxing)
 .debug_str     0x0000361d      0x471 Libraries\FEHLCD.o
                               0x1138 (size before relaxing)
 .debug_str     0x00003a8e       0x68 Libraries\FEHAccel.o
                                0x1c9 (size before relaxing)
 .debug_str     0x00003af6       0x5d Libraries\FEHBattery.o
                                0x38a (size before relaxing)
 .debug_str     0x00003b53      0x1f6 Drivers\FEHXBee.o
                                0x570 (size before relaxing)
 .debug_str     0x00003d49      0x337 Libraries\FEHRPS.o
                               0x150e (size before relaxing)
 .debug_str     0x00004080       0x75 Libraries\FEHSD.o
                                0xf55 (size before relaxing)
 .debug_str     0x000040f5       0xbd C:\fehqt\Proteus/EWL/lib/armv7e-m\libc.a(exit.o)
                                0x14e (size before relaxing)
 .debug_str     0x000041b2       0x1c C:\fehqt\Proteus/EWL/lib/armv7e-m\libc.a(memset.o)
                                0x140 (size before relaxing)
 .debug_str     0x000041ce       0x24 C:\fehqt\Proteus/EWL/lib/armv7e-m\libc.a(strlen.o)
                                0x140 (size before relaxing)
 .debug_str     0x000041f2      0x21a C:\fehqt\Proteus/EWL/lib/armv7e-m\libc.a(printformat_.o)
                                0x3aa (size before relaxing)
 .debug_str     0x0000440c      0x17b C:\fehqt\Proteus/EWL/lib/armv7e-m\libc.a(scanformat_.o)
                                0x3f0 (size before relaxing)
 .debug_str     0x00004587       0x9d C:\fehqt\Proteus/EWL/lib/armv7e-m\libc.a(ctype_aeabi.o)
                                0x1b3 (size before relaxing)
 .debug_str     0x00004624       0x55 C:\fehqt\Proteus/EWL/lib/armv7e-m\libc.a(__strtoul.o)
                                0x1f2 (size before relaxing)
 .debug_str     0x00004679       0x25 C:\fehqt\Proteus/EWL/lib/armv7e-m\libc.a(__filll_mem.o)
                                0x152 (size before relaxing)
 .debug_str     0x0000469e       0x1c C:\fehqt\Proteus/EWL/lib/armv7e-m\libc.a(memchr.o)
                                0x148 (size before relaxing)
 .debug_str     0x000046ba       0x1c C:\fehqt\Proteus/EWL/lib/armv7e-m\libc.a(strchr.o)
                                0x137 (size before relaxing)
 .debug_str     0x000046d6      0x126 C:\fehqt\Proteus/EWL/lib/armv7e-m\librt.a(gcc_ctor_dtor.o)
                                0x185 (size before relaxing)
 .debug_str     0x000047fc       0x9b C:\fehqt\Proteus/EWL/lib/armv7e-m\librt.a(ROMCopy.o)
                                0x140 (size before relaxing)
 .debug_str     0x00004897       0xf3 C:\fehqt\Proteus/EWL/lib/armv7e-m\librt.a(__arm_eabi_init.o)
                                0x1ac (size before relaxing)

.comment        0x00000000       0x79
 .comment       0x00000000       0x79 ..\main.o
                                 0x7a (size before relaxing)
 .comment       0x00000000       0x7a Startup\__arm_start.o
 .comment       0x00000000       0x7a Startup\__arm_end.o
 .comment       0x00000000       0x7a Startup\kinetis_sysinit.o
 .comment       0x00000000       0x7a Libraries\FEHMotor.o
 .comment       0x00000000       0x7a Drivers\i2c.o
 .comment       0x00000000       0x7a Drivers\spi.o
 .comment       0x00000000       0x7a Drivers\uart.o
 .comment       0x00000000       0x7a Drivers\ff.o
 .comment       0x00000000       0x7a Drivers\SDHC.o
 .comment       0x00000000       0x7a Drivers\lptmr.o
 .comment       0x00000000       0x7a FEHProteus.o
 .comment       0x00000000       0x7a Drivers\FEHPropeller.o
 .comment       0x00000000       0x7a Libraries\FEHUtility.o
 .comment       0x00000000       0x7a Libraries\FEHIO.o
 .comment       0x00000000       0x7a Drivers\adc16.o
 .comment       0x00000000       0x7a Libraries\FEHBuzzer.o
 .comment       0x00000000       0x7a Libraries\FEHLCD.o
 .comment       0x00000000       0x7a Libraries\FEHAccel.o
 .comment       0x00000000       0x7a Libraries\FEHBattery.o
 .comment       0x00000000       0x7a Drivers\FEHXBee.o
 .comment       0x00000000       0x7a Libraries\FEHRPS.o
 .comment       0x00000000       0x7a Libraries\FEHSD.o
 .comment       0x00000000       0x7a C:\fehqt\Proteus/EWL/lib/armv7e-m\libc.a(exit.o)
 .comment       0x00000000       0x7a C:\fehqt\Proteus/EWL/lib/armv7e-m\libc.a(memset.o)
 .comment       0x00000000       0x7a C:\fehqt\Proteus/EWL/lib/armv7e-m\libc.a(strlen.o)
 .comment       0x00000000       0x7a C:\fehqt\Proteus/EWL/lib/armv7e-m\libc.a(printformat_.o)
 .comment       0x00000000       0x7a C:\fehqt\Proteus/EWL/lib/armv7e-m\libc.a(scanformat_.o)
 .comment       0x00000000       0x7a C:\fehqt\Proteus/EWL/lib/armv7e-m\libc.a(ctype_aeabi.o)
 .comment       0x00000000       0x7a C:\fehqt\Proteus/EWL/lib/armv7e-m\libc.a(__strtoul.o)
 .comment       0x00000000       0x7a C:\fehqt\Proteus/EWL/lib/armv7e-m\libc.a(__filll_mem.o)
 .comment       0x00000000       0x7a C:\fehqt\Proteus/EWL/lib/armv7e-m\libc.a(memchr.o)
 .comment       0x00000000       0x7a C:\fehqt\Proteus/EWL/lib/armv7e-m\libc.a(strchr.o)
 .comment       0x00000000       0x7a C:\fehqt\Proteus/EWL/lib/armv7e-m\librt.a(gcc_ctor_dtor.o)
 .comment       0x00000000       0x7a C:\fehqt\Proteus/EWL/lib/armv7e-m\librt.a(ROMCopy.o)
 .comment       0x00000000       0x7a C:\fehqt\Proteus/EWL/lib/armv7e-m\librt.a(__arm_eabi_init.o)

.debug_frame    0x00000000     0x28b8
 .debug_frame   0x00000000       0xf8 ..\main.o
 .debug_frame   0x000000f8       0x98 Startup\__arm_start.o
 .debug_frame   0x00000190       0x2c Startup\__arm_end.o
 .debug_frame   0x000001bc       0x5c Startup\kinetis_sysinit.o
 .debug_frame   0x00000218       0x94 Libraries\FEHMotor.o
 .debug_frame   0x000002ac       0x88 Drivers\i2c.o
 .debug_frame   0x00000334       0xf8 Drivers\spi.o
 .debug_frame   0x0000042c       0x84 Drivers\uart.o
 .debug_frame   0x000004b0      0x5e8 Drivers\ff.o
 .debug_frame   0x00000a98      0x1e8 Drivers\SDHC.o
 .debug_frame   0x00000c80       0x2c Drivers\lptmr.o
 .debug_frame   0x00000cac       0x4c FEHProteus.o
 .debug_frame   0x00000cf8       0xa8 Drivers\FEHPropeller.o
 .debug_frame   0x00000da0       0xf8 Libraries\FEHUtility.o
 .debug_frame   0x00000e98      0x4e8 Libraries\FEHIO.o
 .debug_frame   0x00001380       0x64 Drivers\adc16.o
 .debug_frame   0x000013e4      0x1c8 Libraries\FEHBuzzer.o
 .debug_frame   0x000015ac      0x9c0 Libraries\FEHLCD.o
 .debug_frame   0x00001f6c       0xd8 Libraries\FEHAccel.o
 .debug_frame   0x00002044       0x8c Libraries\FEHBattery.o
 .debug_frame   0x000020d0       0xfc Drivers\FEHXBee.o
 .debug_frame   0x000021cc      0x210 Libraries\FEHRPS.o
 .debug_frame   0x000023dc       0xf0 Libraries\FEHSD.o
 .debug_frame   0x000024cc       0x28 C:\fehqt\Proteus/EWL/lib/armv7e-m\libc.a(exit.o)
 .debug_frame   0x000024f4       0x28 C:\fehqt\Proteus/EWL/lib/armv7e-m\libc.a(memset.o)
 .debug_frame   0x0000251c       0x20 C:\fehqt\Proteus/EWL/lib/armv7e-m\libc.a(strlen.o)
 .debug_frame   0x0000253c       0x64 C:\fehqt\Proteus/EWL/lib/armv7e-m\libc.a(printformat_.o)
 .debug_frame   0x000025a0       0x3c C:\fehqt\Proteus/EWL/lib/armv7e-m\libc.a(scanformat_.o)
 .debug_frame   0x000025dc       0xf0 C:\fehqt\Proteus/EWL/lib/armv7e-m\libc.a(ctype_aeabi.o)
 .debug_frame   0x000026cc       0x3c C:\fehqt\Proteus/EWL/lib/armv7e-m\libc.a(__strtoul.o)
 .debug_frame   0x00002708       0x2c C:\fehqt\Proteus/EWL/lib/armv7e-m\libc.a(__filll_mem.o)
 .debug_frame   0x00002734       0x28 C:\fehqt\Proteus/EWL/lib/armv7e-m\libc.a(memchr.o)
 .debug_frame   0x0000275c       0x20 C:\fehqt\Proteus/EWL/lib/armv7e-m\libc.a(strchr.o)
 .debug_frame   0x0000277c       0x48 C:\fehqt\Proteus/EWL/lib/armv7e-m\librt.a(gcc_ctor_dtor.o)
 .debug_frame   0x000027c4       0x48 C:\fehqt\Proteus/EWL/lib/armv7e-m\librt.a(ROMCopy.o)
 .debug_frame   0x0000280c       0xac C:\fehqt\Proteus/EWL/lib/armv7e-m\librt.a(__arm_eabi_init.o)
